// Jest Snapshot v1, https://goo.gl/fbAQLP

exports[`Handle Navbar Component test Should render correctly 1`] = `
<div
  className="main-container"
>
  <Connect(BigNav) />
</div>
`;
